🔐 Starting Firebase authentication setup...
   Using API key: AIzaSyBkva...
   Base URL: http://localhost:4321
📡 Authenticating user: sator@iki.fi
✅ Firebase authentication successful
   UID: vN8RyOYratXr80130A7LqVCLmLn1
🌐 Creating browser context with auth state...
💾 Auth state injected into localStorage
✅ Storage state saved to: /Users/ville.takanen/dev/pelilauta-17/playwright/.auth/user.json
🔍 Verifying authentication...
✅ Authentication verified - user is logged in
🎉 Global setup completed successfully!


Running 7 tests using 3 workers

🔐 Authenticating programmatically: sator@iki.fi
🔐 Authenticating programmatically: sator@iki.fi
🔐 Authenticating programmatically: sator@iki.fi
✅ Firebase authentication successful
✅ Firebase authentication successful
✅ Firebase authentication successful
💾 Auth state injected into localStorage
💾 Auth state injected into localStorage
💾 Auth state injected into localStorage
✅ Programmatic authentication complete
✅ Admin authenticated successfully (verified UI)
✅ Programmatic authentication complete
✅ Admin authenticated successfully (verified UI)
✅ Programmatic authentication complete
✅ Admin authenticated successfully (verified UI)
  ✘  1 [chromium] › e2e/thread-labels.spec.ts:437:3 › Thread Labels (PBI-041) › non-admin users cannot add labels (0ms)
  ✘  3 [chromium] › e2e/thread-labels.spec.ts:238:3 › Thread Labels (PBI-041) › admin can remove labels from a thread (0ms)
  -  4 [chromium] › e2e/thread-labels.spec.ts:298:3 › Thread Labels (PBI-041) › labels are visually distinct from user tags
  -  5 [chromium] › e2e/thread-labels.spec.ts:347:3 › Thread Labels (PBI-041) › can add labels to threads without any user tags
  ✘  2 [chromium] › e2e/thread-labels.spec.ts:63:3 › Thread Labels (PBI-041) › admin can add labels to a thread (0ms)
  -  6 [chromium] › e2e/thread-labels.spec.ts:100:3 › Thread Labels (PBI-041) › labels persist after thread edit (PBI-042 fix)
  -  7 [chromium] › e2e/thread-labels.spec.ts:183:3 › Thread Labels (PBI-041) › labels appear on tag pages immediately (PBI-042 fix)


  1) [chromium] › e2e/thread-labels.spec.ts:63:3 › Thread Labels (PBI-041) › admin can add labels to a thread 

    TimeoutError: page.waitForURL: Timeout 30000ms exceeded.
    =========================== logs ===========================
    waiting for navigation until "load"
    ============================================================

      49 |
      50 |     // Wait for navigation to the thread page
    > 51 |     await page.waitForURL(/\/threads\/[^/]+$/, { timeout: 30000 });
         |                ^
      52 |
      53 |     threadUrl = page.url();
      54 |     const urlMatch = threadUrl.match(/\/threads\/([^/]+)$/);
        at /Users/ville.takanen/dev/pelilauta-17/e2e/thread-labels.spec.ts:51:16

    Error Context: test-results/thread-labels-Thread-Label-a24b9--can-add-labels-to-a-thread-chromium/error-context.md

  2) [chromium] › e2e/thread-labels.spec.ts:238:3 › Thread Labels (PBI-041) › admin can remove labels from a thread 

    TimeoutError: page.waitForURL: Timeout 30000ms exceeded.
    =========================== logs ===========================
    waiting for navigation until "load"
    ============================================================

      49 |
      50 |     // Wait for navigation to the thread page
    > 51 |     await page.waitForURL(/\/threads\/[^/]+$/, { timeout: 30000 });
         |                ^
      52 |
      53 |     threadUrl = page.url();
      54 |     const urlMatch = threadUrl.match(/\/threads\/([^/]+)$/);
        at /Users/ville.takanen/dev/pelilauta-17/e2e/thread-labels.spec.ts:51:16

    Error Context: test-results/thread-labels-Thread-Label-b965b-remove-labels-from-a-thread-chromium/error-context.md

  3) [chromium] › e2e/thread-labels.spec.ts:437:3 › Thread Labels (PBI-041) › non-admin users cannot add labels 

    TimeoutError: page.waitForURL: Timeout 30000ms exceeded.
    =========================== logs ===========================
    waiting for navigation until "load"
    ============================================================

      49 |
      50 |     // Wait for navigation to the thread page
    > 51 |     await page.waitForURL(/\/threads\/[^/]+$/, { timeout: 30000 });
         |                ^
      52 |
      53 |     threadUrl = page.url();
      54 |     const urlMatch = threadUrl.match(/\/threads\/([^/]+)$/);
        at /Users/ville.takanen/dev/pelilauta-17/e2e/thread-labels.spec.ts:51:16

    Error Context: test-results/thread-labels-Thread-Label-fcafa-min-users-cannot-add-labels-chromium/error-context.md

  3 failed
    [chromium] › e2e/thread-labels.spec.ts:63:3 › Thread Labels (PBI-041) › admin can add labels to a thread 
    [chromium] › e2e/thread-labels.spec.ts:238:3 › Thread Labels (PBI-041) › admin can remove labels from a thread 
    [chromium] › e2e/thread-labels.spec.ts:437:3 › Thread Labels (PBI-041) › non-admin users cannot add labels 
  4 did not run
